// Jest Snapshot v1, https://goo.gl/fbAQLP

exports[`returns the \`JsonCodeEditor\` component 1`] = `
<JsonCodeEditor
  value={
    Object {
      "_id": "foo",
      "_index": "test",
      "_score": 1,
      "_source": Object {
        "test": 123,
      },
      "_type": "doc",
    }
  }
/>
`;
