// Jest Snapshot v1, https://goo.gl/fbAQLP

exports[`TagCloudVisualizationTest TagCloudVisualization - basics simple draw 1`] = `"<svg width=\\"0\\" height=\\"0\\"><g width=\\"0\\" height=\\"0\\"><text style=\\"font-size: undefinedpx; font-style: normal; font-weight: normal; font-family: Open Sans, sans-serif; fill: #00a69b;\\" text-anchor=\\"middle\\" transform=\\"translate(0, 0)rotate(0)\\" data-test-subj=\\"CN\\">CN</text><text style=\\"font-size: undefinedpx; font-style: normal; font-weight: normal; font-family: Open Sans, sans-serif; fill: #00a69b;\\" text-anchor=\\"middle\\" transform=\\"translate(0, 0)rotate(0)\\" data-test-subj=\\"IN\\">IN</text><text style=\\"font-size: undefinedpx; font-style: normal; font-weight: normal; font-family: Open Sans, sans-serif; fill: #00a69b;\\" text-anchor=\\"middle\\" transform=\\"translate(0, 0)rotate(0)\\" data-test-subj=\\"US\\">US</text><text style=\\"font-size: undefinedpx; font-style: normal; font-weight: normal; font-family: Open Sans, sans-serif; fill: #00a69b;\\" text-anchor=\\"middle\\" transform=\\"translate(0, 0)rotate(0)\\" data-test-subj=\\"DE\\">DE</text><text style=\\"font-size: undefinedpx; font-style: normal; font-weight: normal; font-family: Open Sans, sans-serif; fill: #00a69b;\\" text-anchor=\\"middle\\" transform=\\"translate(0, 0)rotate(0)\\" data-test-subj=\\"BR\\">BR</text></g></svg>"`;

exports[`TagCloudVisualizationTest TagCloudVisualization - basics with param change 1`] = `"<svg width=\\"0\\" height=\\"0\\"><g width=\\"0\\" height=\\"0\\"><text style=\\"font-size: undefinedpx; font-style: normal; font-weight: normal; font-family: Open Sans, sans-serif; fill: #00a69b;\\" text-anchor=\\"middle\\" transform=\\"translate(0, 0)rotate(0)\\" data-test-subj=\\"CN\\">CN</text><text style=\\"font-size: undefinedpx; font-style: normal; font-weight: normal; font-family: Open Sans, sans-serif; fill: #00a69b;\\" text-anchor=\\"middle\\" transform=\\"translate(0, 0)rotate(0)\\" data-test-subj=\\"IN\\">IN</text><text style=\\"font-size: undefinedpx; font-style: normal; font-weight: normal; font-family: Open Sans, sans-serif; fill: #00a69b;\\" text-anchor=\\"middle\\" transform=\\"translate(0, 0)rotate(0)\\" data-test-subj=\\"US\\">US</text><text style=\\"font-size: undefinedpx; font-style: normal; font-weight: normal; font-family: Open Sans, sans-serif; fill: #00a69b;\\" text-anchor=\\"middle\\" transform=\\"translate(0, 0)rotate(0)\\" data-test-subj=\\"DE\\">DE</text><text style=\\"font-size: undefinedpx; font-style: normal; font-weight: normal; font-family: Open Sans, sans-serif; fill: #00a69b;\\" text-anchor=\\"middle\\" transform=\\"translate(0, 0)rotate(0)\\" data-test-subj=\\"BR\\">BR</text></g></svg>"`;

exports[`TagCloudVisualizationTest TagCloudVisualization - basics with resize 1`] = `"<svg width=\\"0\\" height=\\"0\\"><g width=\\"0\\" height=\\"0\\"><text style=\\"font-size: undefinedpx; font-style: normal; font-weight: normal; font-family: Open Sans, sans-serif; fill: #00a69b;\\" text-anchor=\\"middle\\" transform=\\"translate(0, 0)rotate(0)\\" data-test-subj=\\"CN\\">CN</text><text style=\\"font-size: undefinedpx; font-style: normal; font-weight: normal; font-family: Open Sans, sans-serif; fill: #00a69b;\\" text-anchor=\\"middle\\" transform=\\"translate(0, 0)rotate(0)\\" data-test-subj=\\"IN\\">IN</text><text style=\\"font-size: undefinedpx; font-style: normal; font-weight: normal; font-family: Open Sans, sans-serif; fill: #00a69b;\\" text-anchor=\\"middle\\" transform=\\"translate(0, 0)rotate(0)\\" data-test-subj=\\"US\\">US</text><text style=\\"font-size: undefinedpx; font-style: normal; font-weight: normal; font-family: Open Sans, sans-serif; fill: #00a69b;\\" text-anchor=\\"middle\\" transform=\\"translate(0, 0)rotate(0)\\" data-test-subj=\\"DE\\">DE</text><text style=\\"font-size: undefinedpx; font-style: normal; font-weight: normal; font-family: Open Sans, sans-serif; fill: #00a69b;\\" text-anchor=\\"middle\\" transform=\\"translate(0, 0)rotate(0)\\" data-test-subj=\\"BR\\">BR</text></g></svg>"`;
