// Jest Snapshot v1, https://goo.gl/fbAQLP

exports[`returns the \`JsonCodeEditor\` component 1`] = `
<EuiFlexGroup
  direction="column"
  gutterSize="s"
  responsive={true}
  wrap={true}
>
  <EuiFlexItem
    grow={false}
  >
    <EuiSpacer
      size="s"
    />
    <div
      className="eui-textRight"
    >
      <EuiCopy
        afterMessage="Copied"
        textToCopy="{
  \\"value\\": {
    \\"hit\\": {
      \\"_index\\": \\"test\\",
      \\"_type\\": \\"doc\\",
      \\"_id\\": \\"foo\\",
      \\"_score\\": 1,
      \\"_source\\": {
        \\"test\\": 123
      }
    }
  }
}"
      >
        <Component />
      </EuiCopy>
    </div>
  </EuiFlexItem>
  <EuiFlexItem
    grow={true}
  >
    <CodeEditor
      aria-label="Read only JSON view of an elasticsearch document"
      editorDidMount={[Function]}
      languageId="xjson"
      onChange={[Function]}
      options={
        Object {
          "automaticLayout": true,
          "fontSize": 12,
          "lineNumbers": "off",
          "minimap": Object {
            "enabled": false,
          },
          "overviewRulerBorder": false,
          "readOnly": true,
          "scrollBeyondLastLine": false,
          "scrollbar": Object {
            "alwaysConsumeMouseWheel": false,
          },
          "wordWrap": "on",
          "wrappingIndent": "indent",
        }
      }
      value="{
  \\"value\\": {
    \\"hit\\": {
      \\"_index\\": \\"test\\",
      \\"_type\\": \\"doc\\",
      \\"_id\\": \\"foo\\",
      \\"_score\\": 1,
      \\"_source\\": {
        \\"test\\": 123
      }
    }
  }
}"
    />
  </EuiFlexItem>
</EuiFlexGroup>
`;
